     
* glcic
==================================================================================================
raw_image (InputLayer)          (None, 256, 256, 3)  0                                            
__________________________________________________________________________________________________
mask (InputLayer)               (None, 256, 256, 1)  0                                            
__________________________________________________________________________________________________
                    
    * glcic_completion
    ==================================================================================================
    raw_image (InputLayer)      (None, 256, 256, 3)  0                                            
    __________________________________________________________________________________________________
    mask (InputLayer)           (None, 256, 256, 1)  0                                            
    __________________________________________________________________________________________________
    preprocessing (Lambda)      (None, 256, 256, 3)  0           raw_image[0][0]                  
                                                                 mask[0][0]                       
    __________________________________________________________________________________________________
    concatenate_1 (Concatenate) (None, 256, 256, 4)  0           preprocessing[0][0]              
                                                                 mask[0][0]                       
    __________________________________________________________________________________________________
    conv2d_1 (Conv2D)           (None, 256, 256, 64) 6464        concatenate_1[0][0]              
    __________________________________________________________________________________________________
    batch_normalization_1 (Batc (None, 256, 256, 64) 256         conv2d_1[0][0]                   
    __________________________________________________________________________________________________
    activation_1 (Activation)   (None, 256, 256, 64) 0           batch_normalization_1[0][0]      
    __________________________________________________________________________________________________
    conv2d_2 (Conv2D)           (None, 128, 128, 128 73856       activation_1[0][0]               
    __________________________________________________________________________________________________
    batch_normalization_2 (Batc (None, 128, 128, 128 512         conv2d_2[0][0]                   
    __________________________________________________________________________________________________
    activation_2 (Activation)   (None, 128, 128, 128 0           batch_normalization_2[0][0]      
    __________________________________________________________________________________________________
    conv2d_3 (Conv2D)           (None, 128, 128, 128 147584      activation_2[0][0]               
    __________________________________________________________________________________________________
    batch_normalization_3 (Batc (None, 128, 128, 128 512         conv2d_3[0][0]                   
    __________________________________________________________________________________________________
    activation_3 (Activation)   (None, 128, 128, 128 0           batch_normalization_3[0][0]      
    __________________________________________________________________________________________________
    conv2d_4 (Conv2D)           (None, 64, 64, 256)  295168      activation_3[0][0]               
    __________________________________________________________________________________________________
    batch_normalization_4 (Batc (None, 64, 64, 256)  1024        conv2d_4[0][0]                   
    __________________________________________________________________________________________________
    activation_4 (Activation)   (None, 64, 64, 256)  0           batch_normalization_4[0][0]      
    __________________________________________________________________________________________________
    conv2d_5 (Conv2D)           (None, 64, 64, 256)  590080      activation_4[0][0]               
    __________________________________________________________________________________________________
    batch_normalization_5 (Batc (None, 64, 64, 256)  1024        conv2d_5[0][0]                   
    __________________________________________________________________________________________________
    activation_5 (Activation)   (None, 64, 64, 256)  0           batch_normalization_5[0][0]      
    __________________________________________________________________________________________________
    conv2d_6 (Conv2D)           (None, 64, 64, 256)  590080      activation_5[0][0]               
    __________________________________________________________________________________________________
    batch_normalization_6 (Batc (None, 64, 64, 256)  1024        conv2d_6[0][0]                   
    __________________________________________________________________________________________________
    activation_6 (Activation)   (None, 64, 64, 256)  0           batch_normalization_6[0][0]      
    __________________________________________________________________________________________________
    conv2d_7 (Conv2D)           (None, 64, 64, 256)  590080      activation_6[0][0]               
    __________________________________________________________________________________________________
    batch_normalization_7 (Batc (None, 64, 64, 256)  1024        conv2d_7[0][0]                   
    __________________________________________________________________________________________________
    activation_7 (Activation)   (None, 64, 64, 256)  0           batch_normalization_7[0][0]      
    __________________________________________________________________________________________________
    conv2d_8 (Conv2D)           (None, 64, 64, 256)  590080      activation_7[0][0]               
    __________________________________________________________________________________________________
    batch_normalization_8 (Batc (None, 64, 64, 256)  1024        conv2d_8[0][0]                   
    __________________________________________________________________________________________________
    activation_8 (Activation)   (None, 64, 64, 256)  0           batch_normalization_8[0][0]      
    __________________________________________________________________________________________________
    conv2d_9 (Conv2D)           (None, 64, 64, 256)  590080      activation_8[0][0]               
    __________________________________________________________________________________________________
    batch_normalization_9 (Batc (None, 64, 64, 256)  1024        conv2d_9[0][0]                   
    __________________________________________________________________________________________________
    activation_9 (Activation)   (None, 64, 64, 256)  0           batch_normalization_9[0][0]      
    __________________________________________________________________________________________________
    conv2d_10 (Conv2D)          (None, 64, 64, 256)  590080      activation_9[0][0]               
    __________________________________________________________________________________________________
    batch_normalization_10 (Bat (None, 64, 64, 256)  1024        conv2d_10[0][0]                  
    __________________________________________________________________________________________________
    activation_10 (Activation)  (None, 64, 64, 256)  0           batch_normalization_10[0][0]     
    __________________________________________________________________________________________________
    conv2d_transpose_1 (Conv2DT (None, 128, 128, 128 524416      activation_10[0][0]              
    __________________________________________________________________________________________________
    batch_normalization_11 (Bat (None, 128, 128, 128 512         conv2d_transpose_1[0][0]         
    __________________________________________________________________________________________________
    activation_11 (Activation)  (None, 128, 128, 128 0           batch_normalization_11[0][0]     
    __________________________________________________________________________________________________
    conv2d_11 (Conv2D)          (None, 128, 128, 128 147584      activation_11[0][0]              
    __________________________________________________________________________________________________
    batch_normalization_12 (Bat (None, 128, 128, 128 512         conv2d_11[0][0]                  
    __________________________________________________________________________________________________
    activation_12 (Activation)  (None, 128, 128, 128 0           batch_normalization_12[0][0]     
    __________________________________________________________________________________________________
    conv2d_transpose_2 (Conv2DT (None, 256, 256, 64) 131136      activation_12[0][0]              
    __________________________________________________________________________________________________
    batch_normalization_13 (Bat (None, 256, 256, 64) 256         conv2d_transpose_2[0][0]         
    __________________________________________________________________________________________________
    activation_13 (Activation)  (None, 256, 256, 64) 0           batch_normalization_13[0][0]     
    __________________________________________________________________________________________________
    conv2d_12 (Conv2D)          (None, 256, 256, 32) 18464       activation_13[0][0]              
    __________________________________________________________________________________________________
    batch_normalization_14 (Bat (None, 256, 256, 32) 128         conv2d_12[0][0]                  
    __________________________________________________________________________________________________
    activation_14 (Activation)  (None, 256, 256, 32) 0           batch_normalization_14[0][0]     
    __________________________________________________________________________________________________
    conv2d_13 (Conv2D)          (None, 256, 256, 3)  867         activation_14[0][0]              
    __________________________________________________________________________________________________
    batch_normalization_15 (Bat (None, 256, 256, 3)  12          conv2d_13[0][0]                  
    __________________________________________________________________________________________________
    activation_15 (Activation)  (None, 256, 256, 3)  0           batch_normalization_15[0][0]     
    __________________________________________________________________________________________________
    completion (Lambda)         (None, 256, 256, 3)  0           activation_15[0][0]              
                                                                 raw_image[0][0]                  
                                                                 mask[0][0]                       
    ==================================================================================================
    Total params: 4,895,887
    Trainable params: 4,890,953
    Non-trainable params: 4,934

__________________________________________________________________________________________________
bounding_box (InputLayer)       (None, 4)            0                                            
__________________________________________________________________________________________________
                       
    * glcic_discriminator
    ==================================================================================================
    completed_image (InputLayer (None, 256, 256, 3)  0                                            
    __________________________________________________________________________________________________
    bounding_box (InputLayer)   (None, 4)            0                                            
    __________________________________________________________________________________________________
    cropping (Lambda)           (None, 128, 128, 3)  0           completed_image[0][0]            
                                                                 bounding_box[0][0]               
    __________________________________________________________________________________________________
                                  
        * glcic_global_discriminator
        ==================================================================================================
        completed_image (InputL (None, 256, 256, 3)  0                                            
        __________________________________________________________________________________________________
        conv2d_14 (Conv2D)      (None, 128, 128, 64) 4864        completed_image[0][0]            
        __________________________________________________________________________________________________
        batch_normalization_16  (None, 128, 128, 64) 256         conv2d_14[0][0]                  
        __________________________________________________________________________________________________
        activation_16 (Activati (None, 128, 128, 64) 0           batch_normalization_16[0][0]     
        __________________________________________________________________________________________________
        conv2d_15 (Conv2D)      (None, 64, 64, 128)  204928      activation_16[0][0]              
        __________________________________________________________________________________________________
        batch_normalization_17  (None, 64, 64, 128)  512         conv2d_15[0][0]                  
        __________________________________________________________________________________________________
        activation_17 (Activati (None, 64, 64, 128)  0           batch_normalization_17[0][0]     
        __________________________________________________________________________________________________
        conv2d_16 (Conv2D)      (None, 32, 32, 256)  819456      activation_17[0][0]              
        __________________________________________________________________________________________________
        batch_normalization_18  (None, 32, 32, 256)  1024        conv2d_16[0][0]                  
        __________________________________________________________________________________________________
        activation_18 (Activati (None, 32, 32, 256)  0           batch_normalization_18[0][0]     
        __________________________________________________________________________________________________
        conv2d_17 (Conv2D)      (None, 16, 16, 512)  3277312     activation_18[0][0]              
        __________________________________________________________________________________________________
        batch_normalization_19  (None, 16, 16, 512)  2048        conv2d_17[0][0]                  
        __________________________________________________________________________________________________
        activation_19 (Activati (None, 16, 16, 512)  0           batch_normalization_19[0][0]     
        __________________________________________________________________________________________________
        conv2d_18 (Conv2D)      (None, 8, 8, 512)    6554112     activation_19[0][0]              
        __________________________________________________________________________________________________
        batch_normalization_20  (None, 8, 8, 512)    2048        conv2d_18[0][0]                  
        __________________________________________________________________________________________________
        activation_20 (Activati (None, 8, 8, 512)    0           batch_normalization_20[0][0]     
        __________________________________________________________________________________________________
        conv2d_19 (Conv2D)      (None, 4, 4, 512)    6554112     activation_20[0][0]              
        __________________________________________________________________________________________________
        batch_normalization_21  (None, 4, 4, 512)    2048        conv2d_19[0][0]                  
        __________________________________________________________________________________________________
        activation_21 (Activati (None, 4, 4, 512)    0           batch_normalization_21[0][0]     
        __________________________________________________________________________________________________
        flatten_1 (Flatten)     (None, 8192)         0           activation_21[0][0]              
        __________________________________________________________________________________________________
        dense_1 (Dense)         (None, 1024)         8389632     flatten_1[0][0]                  
        ==================================================================================================
        Total params: 25,812,352
        Trainable params: 25,808,384
        Non-trainable params: 3,968

    __________________________________________________________________________________________________
                                 
        * glcic_local_discriminator
        ==================================================================================================
        local_roi (InputLayer)  (None, 128, 128, 3)  0                                            
        __________________________________________________________________________________________________
        conv2d_20 (Conv2D)      (None, 64, 64, 64)   4864        local_roi[0][0]                  
        __________________________________________________________________________________________________
        batch_normalization_22  (None, 64, 64, 64)   256         conv2d_20[0][0]                  
        __________________________________________________________________________________________________
        activation_22 (Activati (None, 64, 64, 64)   0           batch_normalization_22[0][0]     
        __________________________________________________________________________________________________
        conv2d_21 (Conv2D)      (None, 32, 32, 128)  204928      activation_22[0][0]              
        __________________________________________________________________________________________________
        batch_normalization_23  (None, 32, 32, 128)  512         conv2d_21[0][0]                  
        __________________________________________________________________________________________________
        activation_23 (Activati (None, 32, 32, 128)  0           batch_normalization_23[0][0]     
        __________________________________________________________________________________________________
        conv2d_22 (Conv2D)      (None, 16, 16, 256)  819456      activation_23[0][0]              
        __________________________________________________________________________________________________
        batch_normalization_24  (None, 16, 16, 256)  1024        conv2d_22[0][0]                  
        __________________________________________________________________________________________________
        activation_24 (Activati (None, 16, 16, 256)  0           batch_normalization_24[0][0]     
        __________________________________________________________________________________________________
        conv2d_23 (Conv2D)      (None, 8, 8, 512)    3277312     activation_24[0][0]              
        __________________________________________________________________________________________________
        batch_normalization_25  (None, 8, 8, 512)    2048        conv2d_23[0][0]                  
        __________________________________________________________________________________________________
        activation_25 (Activati (None, 8, 8, 512)    0           batch_normalization_25[0][0]     
        __________________________________________________________________________________________________
        conv2d_24 (Conv2D)      (None, 4, 4, 512)    6554112     activation_25[0][0]              
        __________________________________________________________________________________________________
        batch_normalization_26  (None, 4, 4, 512)    2048        conv2d_24[0][0]                  
        __________________________________________________________________________________________________
        activation_26 (Activati (None, 4, 4, 512)    0           batch_normalization_26[0][0]     
        __________________________________________________________________________________________________
        flatten_2 (Flatten)     (None, 8192)         0           activation_26[0][0]              
        __________________________________________________________________________________________________
        dense_2 (Dense)         (None, 1024)         8389632     flatten_2[0][0]                  
        ==================================================================================================
        Total params: 19,256,192
        Trainable params: 19,253,248
        Non-trainable params: 2,944

    __________________________________________________________________________________________________
    concatenate_2 (Concatenate) (None, 2048)         0           glcic_global_discriminator[1][0] 
                                                                 glcic_local_discriminator[1][0]  
    __________________________________________________________________________________________________
    dense_3 (Dense)             (None, 1)            2049        concatenate_2[0][0]              
    ==================================================================================================
    Total params: 90,134,274
    Trainable params: 45,063,681
    Non-trainable params: 45,070,593

==================================================================================================
Total params: 49,966,480
Trainable params: 4,890,953
Non-trainable params: 45,075,527

